// Jest Snapshot v1, https://goo.gl/fbAQLP

exports[`VImg should display error slot 1`] = ``;

exports[`VImg should display placeholders 1`] = ``;

exports[`VImg should display placeholders 2`] = ``;

exports[`VImg should have aria attributes 1`] = ``;

exports[`VImg should load 1`] = ``;

exports[`VImg should load 2`] = ``;

exports[`VImg should override vuetify-loader values 1`] = ``;

exports[`VImg should render a <picture> 1`] = ``;

exports[`VImg should update src 1`] = ``;

exports[`VImg should update src 2`] = ``;

exports[`VImg should update src while still loading 1`] = ``;

exports[`VImg should update src while still loading 2`] = ``;

exports[`VImg should use vuetify-loader data 1`] = ``;
